mode: set
github.com/kokiebisu/go/test/calc.go:3.36,6.2 2 1
github.com/kokiebisu/go/test/main.go:6.13,8.2 1 0
